// Jest Snapshot v1, https://goo.gl/fbAQLP

exports[`404 Error Page should render 1`] = `
<div>
  <nav
    class="navbar navbar-expand-lg navbar-light bg-white"
  >
    <div
      class="container"
    >
      <a
        class="navbar-brand"
        href="/"
      >
        <div
          class="navbar-brand text-primary fw-bold"
        >
          C0D3
        </div>
      </a>
      <button
        aria-controls="basic-navbar-nav"
        aria-label="Toggle navigation"
        class="navbar-toggler collapsed"
        type="button"
      >
        <span
          class="navbar-toggler-icon"
        />
      </button>
      <div
        class="text-center navbar-collapse collapse"
        id="basic-navbar-nav"
      >
        <div
          class="m-auto navbar-nav"
        >
          <a
            class="nav-item nav-link noUnderline"
            href="/curriculum"
          >
            Curriculum
          </a>
          <a
            class="nav-item nav-link noUnderline"
            href="https://github.com/garageScript/c0d3-app"
            rel="noopener noreferrer"
            target="_blank"
          >
            Repo
          </a>
          <a
            class="nav-item nav-link noUnderline"
            href="/docs/learn"
          >
            Learn
          </a>
          <a
            class="nav-item nav-link noUnderline"
            href="https://discord.gg/c0d3"
            rel="noopener noreferrer"
            target="_blank"
          >
            Community
          </a>
        </div>
      </div>
    </div>
  </nav>
  <div
    class="container-md"
  >
    <div
      class="container pt-5"
    >
      <div
        class="row"
      >
        <div
          class="d-flex align-items-center justify-content-center"
        >
          <img
            height="200"
            layout="fixed"
            src="/assets/errors/404.svg"
            width="500"
          />
        </div>
        <div
          class="d-flex align-items-center justify-content-center"
        >
          <div
            class="text-center"
          >
            <div
              style="color: rgb(41, 41, 41); font-size: 3rem;"
            >
              <strong>
                404
              </strong>
            </div>
            <div
              class="pb-4 "
            >
              <div
                style="color: rgb(41, 41, 41); font-size: 1rem;"
              >
                <strong>
                  Page not found
                </strong>
              </div>
            </div>
            <div
              class="mb-4 "
            >
              <a
                class="px-3 pt-2 noUnderline"
                href="/curriculum"
              >
                Curriculum
              </a>
              <span
                class="pt-2 opacity-50"
              >
                |
              </span>
              <a
                class="px-3 pt-2 noUnderline"
                href="https://github.com/garageScript/c0d3-app"
                rel="noopener noreferrer"
                target="_blank"
              >
                Repo
              </a>
              <span
                class="pt-2 opacity-50"
              >
                |
              </span>
              <a
                class="px-3 pt-2 noUnderline"
                href="https://discord.gg/c0d3"
                rel="noopener noreferrer"
                target="_blank"
              >
                Community
              </a>
            </div>
          </div>
        </div>
      </div>
    </div>
  </div>
  <footer
    class="mt-5 fw-light text-center pb-5 text-muted"
  >
    © Copyright 2022 GarageScript
  </footer>
</div>
`;
